[2026-09-23 23:19:48] 旗标集: --on-crash=context --on-hang=kill --ignore-timeout --ignore-os-errors --retest-on-failure=3 --temperature-threshold=95000
[2026-09-23 23:19:48] stress-ng 补充层启动（保留核 124,125,126,127，轮转: matrix）
[2026-09-23 23:19:48] 战役启动 mode=smoke bin=/home/sdc/wangxu/sdcshield/builddir/sdcshield cycle起点=0 NPROC=128 热联锁=95C(监控侧) mdim全核上限=1024
[2026-09-23 23:19:49] [cycle 1] 冷机首轮（L1 代表集）。基线温度: 71,50
[2026-09-23 23:22:35] [cycle 1] L2 谱系扫档（复用 run_sdc_spectrum.sh + ipsec/memcpy 扩展）
[2026-09-23 23:45:41] l2_ipsec_ds16777216_c1 被阶段边界终止（rc=124，无 fail/crash 行）——非事件
[2026-09-23 23:47:15] [cycle 1] L3 多样性轮转（固定序 120s + 随机序 60s + eigen -n1）
[2026-09-23 23:53:02] L5 热激发：预热至 85C 带
[2026-09-24 00:10:24] L5 热激发完成，末态温度: 69,48
[2026-09-24 00:10:24] L4 深驻留：5 个对象 × 60s（关 fracturing 固定模式）
[2026-09-24 00:16:45] 日汇总完成（历史 YAML 已压缩）
[2026-09-24 00:16:45] smoke 完成（全链路走通）
[2026-09-24 00:20:15] 旗标集: --on-crash=context --on-hang=kill --ignore-timeout --ignore-os-errors --retest-on-failure=3 --temperature-threshold=95000
[2026-09-24 00:20:15] 战役启动 mode=full bin=/home/sdc/wangxu/sdcshield/builddir/sdcshield cycle起点=0 NPROC=128 热联锁=95C(监控侧) mdim全核上限=1024
[2026-09-24 00:20:15] stress-ng 补充层启动（保留核 124,125,126,127，轮转: matrix）
[2026-09-24 00:20:15] [cycle 1] 冷机首轮（L1 代表集）。基线温度: 63,45
[2026-09-24 00:50:22] [cycle 1] L2 谱系扫档（复用 run_sdc_spectrum.sh + ipsec/memcpy 扩展）
[2026-09-24 05:27:42] l2_ipsec_ds16777216_c1 被阶段边界终止（rc=124，无 fail/crash 行）——非事件
[2026-09-24 06:13:52] [cycle 1] L3 多样性轮转（固定序 21600s + 随机序 7200s + eigen -n1）
[2026-09-24 09:16:20] l3_rand_c1 被阶段边界终止（rc=137，无 fail/crash 行）——非事件
[2026-09-24 09:50:52] 旗标集: --on-crash=context --on-hang=kill --ignore-timeout --ignore-os-errors --retest-on-failure=3 --temperature-threshold=95000
[2026-09-24 09:50:52] stress-ng 补充层启动（保留核 124,125,126,127，轮转: matrix）
[2026-09-24 09:50:52] 战役启动 mode=full bin=/home/sdc/wangxu/sdcshield/builddir/sdcshield cycle起点=1 NPROC=128 热联锁=95C(监控侧) mdim全核上限=1024
[2026-09-24 09:50:52] [cycle 2] 冷机首轮（L1 代表集）。基线温度: 67,51
[2026-09-24 10:20:58] [cycle 2] L2 谱系扫档（复用 run_sdc_spectrum.sh + ipsec/memcpy 扩展）
[2026-09-24 14:55:22] l2_ipsec_ds16777216_c2 被阶段边界终止（rc=124，无 fail/crash 行）——非事件
[2026-09-24 15:41:35] [cycle 2] L3 多样性轮转（固定序 21600s + 随机序 7200s + eigen -n1）
[2026-09-24 17:48:27] l3_fixed_c2 被阶段边界终止（rc=137，无 fail/crash 行）——非事件
[2026-09-24 17:55:04] l3_rand_c2 被阶段边界终止（rc=137，无 fail/crash 行）——非事件
[2026-09-24 19:34:39] L4 深驻留：6 个对象 × 7153s（关 fracturing 固定模式）
[2026-09-24 20:06:56] l4_dwell_pocketfft_fft_c2 被阶段边界终止（rc=137，无 fail/crash 行）——非事件
[2026-09-24 22:07:31] l4_dwell_isal_igzip_c2 被阶段边界终止（rc=137，无 fail/crash 行）——非事件
[2026-09-25 03:59:56] 日汇总完成（历史 YAML 已压缩）
[2026-09-25 03:59:57] [cycle 3] 冷机首轮（L1 代表集）。基线温度: 63,46
[2026-09-25 04:31:37] [cycle 3] L2 谱系扫档（复用 run_sdc_spectrum.sh + ipsec/memcpy 扩展）
[2026-09-25 08:21:36] 旗标集: --on-crash=context --on-hang=kill --ignore-timeout --ignore-os-errors --retest-on-failure=3 --temperature-threshold=95000
[2026-09-25 08:21:36] stress-ng 补充层启动（保留核 124,125,126,127，轮转: matrix）
[2026-09-25 08:21:36] 战役启动 mode=full bin=/home/sdc/wangxu/sdcshield/builddir/sdcshield cycle起点=3 NPROC=128 热联锁=95C(监控侧) mdim全核上限=1024
[2026-09-25 08:21:36] [cycle 4] 冷机首轮（L1 代表集）。基线温度: 83,56
[2026-09-25 08:39:05] [cycle 4] L2 谱系扫档（复用 run_sdc_spectrum.sh + ipsec/memcpy 扩展）
[2026-09-26 09:33:13] 旗标集: --on-crash=context --on-hang=kill --ignore-timeout --ignore-os-errors --retest-on-failure=3 --temperature-threshold=95000
[2026-09-26 09:33:13] stress-ng 补充层启动（保留核 124,125,126,127，轮转: matrix）
[2026-09-26 09:33:13] 战役启动 mode=full bin=/home/sdc/wangxu/sdcshield/builddir/sdcshield cycle起点=4 NPROC=128 热联锁=95C(监控侧) mdim全核上限=1024
[2026-09-26 09:33:13] [cycle 5] 冷机首轮（L1 代表集）。基线温度: 79,53
[2026-09-26 10:03:25] [cycle 5] L2 谱系扫档（复用 run_sdc_spectrum.sh + ipsec/memcpy 扩展）
[2026-09-26 14:12:08] l2_ipsec_ds65536_c5 被阶段边界终止（rc=143，无 fail/crash 行）——非事件
[2026-09-26 14:14:38] 旗标集: --on-crash=context --on-hang=kill --ignore-timeout --ignore-os-errors --retest-on-failure=3 --temperature-threshold=95000
[2026-09-26 14:14:38] stress-ng 补充层启动（保留核 124,125,126,127，轮转: matrix）
[2026-09-26 14:14:38] 战役启动 mode=full bin=/home/sdc/wangxu/sdcshield/builddir/sdcshield cycle起点=5 NPROC=128 热联锁=95C(监控侧) mdim全核上限=1024
[2026-09-26 14:14:38] [cycle 6] 冷机首轮（L1 代表集）。基线温度: 35,85
[2026-09-26 14:46:20] [cycle 6] L2 谱系扫档（复用 run_sdc_spectrum.sh + ipsec/memcpy 扩展）
[2026-09-26 19:19:14] l2_ipsec_ds16777216_c6 被阶段边界终止（rc=124，无 fail/crash 行）——非事件
[2026-09-26 20:05:26] [cycle 6] L3 多样性轮转（固定序 21600s + 随机序 7200s + eigen -n1）
[2026-09-26 20:42:23] 旗标集: --on-crash=context --on-hang=kill --ignore-timeout --ignore-os-errors --retest-on-failure=3 --temperature-threshold=95000
[2026-09-26 20:42:24] 战役启动 mode=full bin=/home/sdc/wangxu/sdcshield/builddir/sdcshield cycle起点=6 NPROC=128 热联锁=95C(监控侧) mdim全核上限=1024
[2026-09-26 20:42:24] stress-ng 补充层启动（保留核 124,125,126,127，轮转: matrix）
[2026-09-26 20:42:24] [cycle 7] 冷机首轮（L1 代表集）。基线温度: 35,70
[2026-09-26 21:12:47] [cycle 7] L2 谱系扫档（复用 run_sdc_spectrum.sh + ipsec/memcpy 扩展）
[2026-09-27 00:17:06] 旗标集: --on-crash=context --on-hang=kill --ignore-timeout --ignore-os-errors --retest-on-failure=3 --temperature-threshold=95000
[2026-09-27 00:17:06] 战役启动 mode=full bin=/home/sdc/wangxu/sdcshield/builddir/sdcshield cycle起点=7 NPROC=128 热联锁=95C(监控侧) mdim全核上限=1024
[2026-09-27 00:17:06] stress-ng 补充层启动（保留核 124,125,126,127，轮转: matrix）
[2026-09-27 00:17:09] [cycle 8] 冷机首轮（L1 代表集）。基线温度: 35,72
[2026-09-27 00:47:21] [cycle 8] L2 谱系扫档（复用 run_sdc_spectrum.sh + ipsec/memcpy 扩展）
[2026-09-27 05:22:12] l2_ipsec_ds16777216_c8 被阶段边界终止（rc=124，无 fail/crash 行）——非事件
[2026-09-27 06:08:35] [cycle 8] L3 多样性轮转（固定序 21600s + 随机序 7200s + eigen -n1）
[2026-09-27 08:13:21] l3_fixed_c8 被阶段边界终止（rc=137，无 fail/crash 行）——非事件
[2026-09-27 08:32:19] l3_rand_c8 被阶段边界终止（rc=137，无 fail/crash 行）——非事件
[2026-09-27 09:32:34] L4 深驻留：6 个对象 × 13174s（关 fracturing 固定模式）
[2026-09-27 20:32:20] l4_dwell_pocketfft_fft_c8 被阶段边界终止（rc=137，无 fail/crash 行）——非事件
[2026-09-27 20:34:59] l4_dwell_isal_igzip_c8 被阶段边界终止（rc=137，无 fail/crash 行）——非事件
[2026-09-28 00:17:24] 日汇总完成（历史 YAML 已压缩）
[2026-09-28 00:17:24] [cycle 9] 冷机首轮（L1 代表集）。基线温度: 35,67
[2026-09-28 00:47:45] [cycle 9] L2 谱系扫档（复用 run_sdc_spectrum.sh + ipsec/memcpy 扩展）
[2026-09-28 05:20:51] l2_ipsec_ds16777216_c9 被阶段边界终止（rc=124，无 fail/crash 行）——非事件
[2026-09-28 06:06:59] [cycle 9] L3 多样性轮转（固定序 21600s + 随机序 7200s + eigen -n1）
[2026-09-28 08:09:36] l3_fixed_c9 被阶段边界终止（rc=137，无 fail/crash 行）——非事件
[2026-09-28 08:25:22] l3_rand_c9 被阶段边界终止（rc=137，无 fail/crash 行）——非事件
[2026-09-28 08:32:44] L5 热激发：预热至 85C 带
[2026-09-28 09:47:28] l5_hot_target_c9 被阶段边界终止（rc=124，无 fail/crash 行）——非事件
[2026-09-28 09:47:28] L5 热激发完成，末态温度: 35,64
[2026-09-28 09:47:28] L4 深驻留：6 个对象 × 13025s（关 fracturing 固定模式）
[2026-09-28 20:39:16] l4_dwell_pocketfft_fft_c9 被阶段边界终止（rc=137，无 fail/crash 行）——非事件
[2026-09-28 20:41:56] l4_dwell_isal_igzip_c9 被阶段边界终止（rc=137，无 fail/crash 行）——非事件
[2026-09-28 23:09:26] 旗标集: --on-crash=context --on-hang=kill --ignore-timeout --ignore-os-errors --retest-on-failure=3 --temperature-threshold=95000
[2026-09-28 23:09:27] 战役启动 mode=full bin=/home/sdc/wangxu/sdcshield/builddir/sdcshield cycle起点=9 NPROC=128 热联锁=95C(监控侧) mdim全核上限=1024
[2026-09-28 23:09:27] stress-ng 补充层启动（保留核 124,125,126,127，轮转: matrix）
[2026-09-28 23:09:28] [cycle 10] 冷机首轮（L1 代表集）。基线温度: 35,79
[2026-09-28 23:40:37] [cycle 10] L2 谱系扫档（复用 run_sdc_spectrum.sh + ipsec/memcpy 扩展）
[2026-09-29 04:13:43] l2_ipsec_ds16777216_c10 被阶段边界终止（rc=124，无 fail/crash 行）——非事件
[2026-09-29 05:00:02] [cycle 10] L3 多样性轮转（固定序 21600s + 随机序 7200s + eigen -n1）
[2026-09-29 07:01:59] l3_fixed_c10 被阶段边界终止（rc=137，无 fail/crash 行）——非事件
[2026-09-29 07:58:49] l3_rand_c10 被阶段边界终止（rc=137，无 fail/crash 行）——非事件
[2026-09-29 09:37:48] L4 深驻留：6 个对象 × 13122s（关 fracturing 固定模式）
[2026-09-29 20:35:01] l4_dwell_pocketfft_fft_c10 被阶段边界终止（rc=137，无 fail/crash 行）——非事件
[2026-09-29 20:37:27] l4_dwell_isal_igzip_c10 被阶段边界终止（rc=137，无 fail/crash 行）——非事件
[2026-09-30 00:19:57] 日汇总完成（历史 YAML 已压缩）
[2026-09-30 00:19:57] [cycle 11] 冷机首轮（L1 代表集）。基线温度: 35,65
[2026-09-30 00:51:38] [cycle 11] L2 谱系扫档（复用 run_sdc_spectrum.sh + ipsec/memcpy 扩展）
[2026-09-30 05:26:44] l2_ipsec_ds16777216_c11 被阶段边界终止（rc=124，无 fail/crash 行）——非事件
[2026-09-30 06:12:54] [cycle 11] L3 多样性轮转（固定序 21600s + 随机序 7200s + eigen -n1）
[2026-09-30 08:13:32] l3_fixed_c11 被阶段边界终止（rc=137，无 fail/crash 行）——非事件
[2026-09-30 08:52:31] l3_rand_c11 被阶段边界终止（rc=137，无 fail/crash 行）——非事件
[2026-09-30 11:05:58] L4 深驻留：6 个对象 × 12240s（关 fracturing 固定模式）
[2026-10-02 22:44:06] 旗标集: --on-crash=context --on-hang=kill --ignore-timeout --ignore-os-errors --retest-on-failure=3 --temperature-threshold=95000
[2026-10-02 22:44:06] stress-ng 补充层启动（保留核 124,125,126,127，轮转: matrix）
[2026-10-02 22:44:06] 战役启动 mode=full bin=/home/sdc/wangxu/sdcshield/builddir/sdcshield cycle起点=11 NPROC=128 热联锁=95C(监控侧) mdim全核上限=1024
[2026-10-02 22:44:06] [cycle 12] 冷机首轮（L1 代表集）。基线温度: 35,84
[2026-10-02 23:14:55] [cycle 12] L2 谱系扫档（复用 run_sdc_spectrum.sh + ipsec/memcpy 扩展）
[2026-10-03 16:35:31] 旗标集: --on-crash=context --on-hang=kill --ignore-timeout --ignore-os-errors --retest-on-failure=3 --temperature-threshold=95000
[2026-10-03 16:35:31] 战役启动 mode=full bin=/home/sdc/wangxu/sdcshield/builddir/sdcshield cycle起点=12 NPROC=128 热联锁=95C(监控侧) mdim全核上限=1024
[2026-10-03 16:35:31] stress-ng 补充层启动（保留核 124,125,126,127，轮转: matrix）
[2026-10-03 16:35:31] [cycle 13] 冷机首轮（L1 代表集）。基线温度: 35,82
[2026-10-03 17:06:00] [cycle 13] L2 谱系扫档（复用 run_sdc_spectrum.sh + ipsec/memcpy 扩展）
[2026-10-03 21:38:00] l2_ipsec_ds16777216_c13 被阶段边界终止（rc=124，无 fail/crash 行）——非事件
[2026-10-03 22:24:10] [cycle 13] L3 多样性轮转（固定序 21600s + 随机序 7200s + eigen -n1）
[2026-10-04 00:26:46] l3_fixed_c13 被阶段边界终止（rc=137，无 fail/crash 行）——非事件
[2026-10-04 00:29:21] l3_rand_c13 被阶段边界终止（rc=137，无 fail/crash 行）——非事件
[2026-10-04 00:36:14] L5 热激发：预热至 85C 带
[2026-10-04 01:52:24] l5_hot_target_c13 被阶段边界终止（rc=137，无 fail/crash 行）——非事件
[2026-10-04 01:52:24] L5 热激发完成，末态温度: 35,63
[2026-10-04 01:52:24] L4 深驻留：6 个对象 × 17776s（关 fracturing 固定模式）
[2026-10-04 09:02:07] 旗标集: --on-crash=context --on-hang=kill --ignore-timeout --ignore-os-errors --retest-on-failure=3 --temperature-threshold=95000
[2026-10-04 09:02:07] 战役启动 mode=full bin=/home/sdc/wangxu/sdcshield/builddir/sdcshield cycle起点=13 NPROC=128 热联锁=95C(监控侧) mdim全核上限=1024
[2026-10-04 09:02:07] stress-ng 补充层启动（保留核 124,125,126,127，轮转: matrix）
[2026-10-04 09:02:07] [cycle 14] 冷机首轮（L1 代表集）。基线温度: 35,84
[2026-10-04 09:33:47] [cycle 14] L2 谱系扫档（复用 run_sdc_spectrum.sh + ipsec/memcpy 扩展）
[2026-10-04 14:06:45] l2_ipsec_ds16777216_c14 被阶段边界终止（rc=124，无 fail/crash 行）——非事件
[2026-10-04 14:53:05] [cycle 14] L3 多样性轮转（固定序 21600s + 随机序 7200s + eigen -n1）
[2026-10-04 16:56:34] l3_fixed_c14 被阶段边界终止（rc=137，无 fail/crash 行）——非事件
[2026-10-04 17:08:28] l3_rand_c14 被阶段边界终止（rc=137，无 fail/crash 行）——非事件
[2026-10-04 18:47:40] L4 深驻留：6 个对象 × 7623s（关 fracturing 固定模式）
[2026-10-05 01:10:33] l4_dwell_pocketfft_fft_c14 被阶段边界终止（rc=137，无 fail/crash 行）——非事件
[2026-10-05 01:13:00] l4_dwell_isal_igzip_c14 被阶段边界终止（rc=137，无 fail/crash 行）——非事件
[2026-10-05 03:44:16] 日汇总完成 loop-count 日累计: 0（YAML 文件数 3）（历史 YAML 已压缩）
[2026-10-05 03:44:16] [cycle 15] 冷机首轮（L1 代表集）。基线温度: 35,64
[2026-10-05 04:14:38] [cycle 15] L2 谱系扫档（复用 run_sdc_spectrum.sh + ipsec/memcpy 扩展）
[2026-10-05 08:48:04] l2_ipsec_ds16777216_c15 被阶段边界终止（rc=124，无 fail/crash 行）——非事件
[2026-10-05 09:34:16] [cycle 15] L3 多样性轮转（固定序 21600s + 随机序 7200s + eigen -n1）
[2026-10-05 11:38:06] l3_fixed_c15 被阶段边界终止（rc=137，无 fail/crash 行）——非事件
[2026-10-05 12:01:09] 旗标集: --on-crash=context --on-hang=kill --ignore-timeout --ignore-os-errors --retest-on-failure=3 --temperature-threshold=95000
[2026-10-05 12:01:10] 战役启动 mode=full bin=/home/sdc/wangxu/sdcshield/builddir/sdcshield cycle起点=15 NPROC=128 热联锁=95C(监控侧) mdim全核上限=1024
[2026-10-05 12:01:10] stress-ng 补充层启动（保留核 124,125,126,127，轮转: matrix）
[2026-10-05 12:01:10] [cycle 16] 冷机首轮（L1 代表集）。基线温度: 35,74
[2026-10-05 12:32:43] [cycle 16] L2 谱系扫档（复用 run_sdc_spectrum.sh + ipsec/memcpy 扩展）
[2026-10-05 17:05:52] l2_ipsec_ds16777216_c16 被阶段边界终止（rc=124，无 fail/crash 行）——非事件
[2026-10-05 17:52:12] [cycle 16] L3 多样性轮转（固定序 21600s + 随机序 7200s + eigen -n1）
[2026-10-05 19:56:31] l3_fixed_c16 被阶段边界终止（rc=137，无 fail/crash 行）——非事件
[2026-10-05 20:16:11] l3_rand_c16 被阶段边界终止（rc=137，无 fail/crash 行）——非事件
[2026-10-05 21:17:06] L4 深驻留：6 个对象 × 6129s（关 fracturing 固定模式）
[2026-10-06 02:24:26] l4_dwell_pocketfft_fft_c16 被阶段边界终止（rc=137，无 fail/crash 行）——非事件
[2026-10-06 02:26:52] l4_dwell_isal_igzip_c16 被阶段边界终止（rc=137，无 fail/crash 行）——非事件
[2026-10-06 04:11:28] 日汇总完成 loop-count 日累计: 0（YAML 文件数 4）（历史 YAML 已压缩）
[2026-10-06 04:11:28] [cycle 17] 冷机首轮（L1 代表集）。基线温度: 35,67
[2026-10-06 04:42:42] [cycle 17] L2 谱系扫档（复用 run_sdc_spectrum.sh + ipsec/memcpy 扩展）
[2026-10-06 09:19:02] l2_ipsec_ds16777216_c17 被阶段边界终止（rc=124，无 fail/crash 行）——非事件
[2026-10-06 10:05:20] [cycle 17] L3 多样性轮转（固定序 21600s + 随机序 7200s + eigen -n1）
[2026-10-06 12:08:58] l3_fixed_c17 被阶段边界终止（rc=137，无 fail/crash 行）——非事件
[2026-10-06 13:05:58] l3_rand_c17 被阶段边界终止（rc=137，无 fail/crash 行）——非事件
[2026-10-06 13:13:23] L5 热激发：预热至 85C 带
[2026-10-06 14:30:00] l5_hot_target_c17 被阶段边界终止（rc=137，无 fail/crash 行）——非事件
[2026-10-06 14:30:00] L5 热激发完成，末态温度: 35,65
[2026-10-06 14:30:00] L4 深驻留：6 个对象 × 10200s（关 fracturing 固定模式）
[2026-10-06 17:59:31] 旗标集: --on-crash=context --on-hang=kill --ignore-timeout --ignore-os-errors --retest-on-failure=3 --temperature-threshold=95000
[2026-10-06 17:59:33] 战役启动 mode=full bin=/home/sdc/wangxu/sdcshield/builddir/sdcshield cycle起点=17 NPROC=128 热联锁=95C(监控侧) mdim全核上限=1024
[2026-10-06 17:59:33] [cycle 18] 冷机首轮（L1 代表集）。基线温度: 35,85
[2026-10-06 17:59:34] stress-ng 补充层启动（保留核 124,125,126,127，轮转: matrix）
[2026-10-06 18:31:05] [cycle 18] L2 谱系扫档（复用 run_sdc_spectrum.sh + ipsec/memcpy 扩展）
[2026-10-06 23:05:31] l2_ipsec_ds16777216_c18 被阶段边界终止（rc=124，无 fail/crash 行）——非事件
[2026-10-06 23:51:57] [cycle 18] L3 多样性轮转（固定序 21600s + 随机序 7200s + eigen -n1）
[2026-10-07 01:54:46] l3_fixed_c18 被阶段边界终止（rc=137，无 fail/crash 行）——非事件
[2026-10-07 02:47:26] l3_rand_c18 被阶段边界终止（rc=137，无 fail/crash 行）——非事件
[2026-10-07 04:26:55] L4 深驻留：6 个对象 × 16230s（关 fracturing 固定模式）
[2026-10-07 17:59:54] l4_dwell_pocketfft_fft_c18 被阶段边界终止（rc=137，无 fail/crash 行）——非事件
[2026-10-07 18:02:37] l4_dwell_isal_igzip_c18 被阶段边界终止（rc=137，无 fail/crash 行）——非事件
[2026-10-07 22:38:55] 日汇总完成 loop-count 日累计: 0（YAML 文件数 12）（历史 YAML 已压缩）
[2026-10-07 22:38:55] [cycle 19] 冷机首轮（L1 代表集）。基线温度: 35,65
[2026-10-07 23:09:16] [cycle 19] L2 谱系扫档（复用 run_sdc_spectrum.sh + ipsec/memcpy 扩展）
[2026-10-08 03:43:52] l2_ipsec_ds16777216_c19 被阶段边界终止（rc=124，无 fail/crash 行）——非事件
[2026-10-08 04:30:16] [cycle 19] L3 多样性轮转（固定序 21600s + 随机序 7200s + eigen -n1）
[2026-10-08 06:33:41] l3_fixed_c19 被阶段边界终止（rc=137，无 fail/crash 行）——非事件
[2026-10-08 06:59:06] l3_rand_c19 被阶段边界终止（rc=137，无 fail/crash 行）——非事件
[2026-10-08 09:09:41] L4 深驻留：6 个对象 × 13403s（关 fracturing 固定模式）
[2026-10-08 20:21:21] l4_dwell_pocketfft_fft_c19 被阶段边界终止（rc=137，无 fail/crash 行）——非事件
[2026-10-08 20:23:48] l4_dwell_isal_igzip_c19 被阶段边界终止（rc=137，无 fail/crash 行）——非事件
[2026-10-09 00:14:12] 日汇总完成 loop-count 日累计: 0（YAML 文件数 0）（历史 YAML 已压缩）
[2026-10-09 00:14:13] [cycle 20] 冷机首轮（L1 代表集）。基线温度: 35,64
[2026-10-09 00:44:15] [cycle 20] L2 谱系扫档（复用 run_sdc_spectrum.sh + ipsec/memcpy 扩展）
[2026-10-09 05:18:17] l2_ipsec_ds16777216_c20 被阶段边界终止（rc=124，无 fail/crash 行）——非事件
[2026-10-09 06:04:32] [cycle 20] L3 多样性轮转（固定序 21600s + 随机序 7200s + eigen -n1）
[2026-10-09 08:07:18] l3_fixed_c20 被阶段边界终止（rc=137，无 fail/crash 行）——非事件
[2026-10-09 08:14:12] l3_rand_c20 被阶段边界终止（rc=137，无 fail/crash 行）——非事件
[2026-10-09 09:14:19] L4 深驻留：6 个对象 × 13356s（关 fracturing 固定模式）
[2026-10-09 11:56:05] 旗标集: --on-crash=context --on-hang=kill --ignore-timeout --ignore-os-errors --retest-on-failure=3 --temperature-threshold=95000
[2026-10-09 11:56:06] 战役启动 mode=full bin=/home/sdc/wangxu/sdcshield/builddir/sdcshield cycle起点=20 NPROC=128 热联锁=95C(监控侧) mdim全核上限=1024
[2026-10-09 11:56:06] stress-ng 补充层启动（保留核 124,125,126,127，轮转: matrix）
[2026-10-09 11:56:06] [cycle 21] 冷机首轮（L1 代表集）。基线温度: 35,78
[2026-10-09 12:26:38] [cycle 21] L2 谱系扫档（复用 run_sdc_spectrum.sh + ipsec/memcpy 扩展）
